###############################################################################
#
# IAR ELF Linker V7.20.2.7424/W32 for ARM                 15/Aug/2017  00:50:24
# Copyright 2007-2014 IAR Systems AB.
#
#    Output file  =  
#        C:\Users\maoyakun\Desktop\0814tmt_now\华东决赛\Prj\IAR\FX15_Debug\Exe\fire_Kinetis.out
#    Map file     =  
#        C:\Users\maoyakun\Desktop\0814tmt_now\华东决赛\Prj\IAR\FX15_Debug\List\fire_Kinetis.map
#    Command line =  
#        C:\Users\maoyakun\Desktop\0814tmt_now\华东决赛\Prj\IAR\FX15_Debug\Obj\camera.o
#        C:\Users\maoyakun\Desktop\0814tmt_now\华东决赛\Prj\IAR\FX15_Debug\Obj\distance.o
#        C:\Users\maoyakun\Desktop\0814tmt_now\华东决赛\Prj\IAR\FX15_Debug\Obj\FIRE_key.o
#        C:\Users\maoyakun\Desktop\0814tmt_now\华东决赛\Prj\IAR\FX15_Debug\Obj\FIRE_LED.o
#        C:\Users\maoyakun\Desktop\0814tmt_now\华东决赛\Prj\IAR\FX15_Debug\Obj\FIRE_MK60_conf.o
#        C:\Users\maoyakun\Desktop\0814tmt_now\华东决赛\Prj\IAR\FX15_Debug\Obj\FIRE_MMA7455.o
#        C:\Users\maoyakun\Desktop\0814tmt_now\华东决赛\Prj\IAR\FX15_Debug\Obj\FIRE_NRF24L0.o
#        C:\Users\maoyakun\Desktop\0814tmt_now\华东决赛\Prj\IAR\FX15_Debug\Obj\FIRE_SCCB.o
#        C:\Users\maoyakun\Desktop\0814tmt_now\华东决赛\Lib\CMSIS\iar_cortexM4l_math.a
#        C:\Users\maoyakun\Desktop\0814tmt_now\华东决赛\Prj\IAR\FX15_Debug\Obj\initialization.o
#        C:\Users\maoyakun\Desktop\0814tmt_now\华东决赛\Prj\IAR\FX15_Debug\Obj\lcd.o
#        C:\Users\maoyakun\Desktop\0814tmt_now\华东决赛\Prj\IAR\FX15_Debug\Obj\main.o
#        C:\Users\maoyakun\Desktop\0814tmt_now\华东决赛\Prj\IAR\FX15_Debug\Obj\misc.o
#        C:\Users\maoyakun\Desktop\0814tmt_now\华东决赛\Prj\IAR\FX15_Debug\Obj\MK60_adc.o
#        C:\Users\maoyakun\Desktop\0814tmt_now\华东决赛\Prj\IAR\FX15_Debug\Obj\MK60_dma.o
#        C:\Users\maoyakun\Desktop\0814tmt_now\华东决赛\Prj\IAR\FX15_Debug\Obj\MK60_DWT.o
#        C:\Users\maoyakun\Desktop\0814tmt_now\华东决赛\Prj\IAR\FX15_Debug\Obj\MK60_flash.o
#        C:\Users\maoyakun\Desktop\0814tmt_now\华东决赛\Prj\IAR\FX15_Debug\Obj\MK60_ftm.o
#        C:\Users\maoyakun\Desktop\0814tmt_now\华东决赛\Prj\IAR\FX15_Debug\Obj\MK60_gpio.o
#        C:\Users\maoyakun\Desktop\0814tmt_now\华东决赛\Prj\IAR\FX15_Debug\Obj\MK60_i2c.o
#        C:\Users\maoyakun\Desktop\0814tmt_now\华东决赛\Prj\IAR\FX15_Debug\Obj\MK60_it.o
#        C:\Users\maoyakun\Desktop\0814tmt_now\华东决赛\Prj\IAR\FX15_Debug\Obj\MK60_lptmr.o
#        C:\Users\maoyakun\Desktop\0814tmt_now\华东决赛\Prj\IAR\FX15_Debug\Obj\MK60_mcg.o
#        C:\Users\maoyakun\Desktop\0814tmt_now\华东决赛\Prj\IAR\FX15_Debug\Obj\MK60_PIT.o
#        C:\Users\maoyakun\Desktop\0814tmt_now\华东决赛\Prj\IAR\FX15_Debug\Obj\MK60_port.o
#        C:\Users\maoyakun\Desktop\0814tmt_now\华东决赛\Prj\IAR\FX15_Debug\Obj\MK60_spi.o
#        C:\Users\maoyakun\Desktop\0814tmt_now\华东决赛\Prj\IAR\FX15_Debug\Obj\MK60_SysTick.o
#        C:\Users\maoyakun\Desktop\0814tmt_now\华东决赛\Prj\IAR\FX15_Debug\Obj\MK60_uart.o
#        C:\Users\maoyakun\Desktop\0814tmt_now\华东决赛\Prj\IAR\FX15_Debug\Obj\MK60_wdog.o
#        C:\Users\maoyakun\Desktop\0814tmt_now\华东决赛\Prj\IAR\FX15_Debug\Obj\motor.o
#        C:\Users\maoyakun\Desktop\0814tmt_now\华东决赛\Prj\IAR\FX15_Debug\Obj\setting.o
#        C:\Users\maoyakun\Desktop\0814tmt_now\华东决赛\Prj\IAR\FX15_Debug\Obj\startup_MK60DZ10.o
#        C:\Users\maoyakun\Desktop\0814tmt_now\华东决赛\Prj\IAR\FX15_Debug\Obj\SYN6288.o
#        C:\Users\maoyakun\Desktop\0814tmt_now\华东决赛\Prj\IAR\FX15_Debug\Obj\system_MK60DZ10.o
#        C:\Users\maoyakun\Desktop\0814tmt_now\华东决赛\Prj\IAR\FX15_Debug\Obj\UART.o
#        C:\Users\maoyakun\Desktop\0814tmt_now\华东决赛\Prj\IAR\FX15_Debug\Obj\vectors.o
#        -o
#        C:\Users\maoyakun\Desktop\0814tmt_now\华东决赛\Prj\IAR\FX15_Debug\Exe\fire_Kinetis.out
#        --map
#        C:\Users\maoyakun\Desktop\0814tmt_now\华东决赛\Prj\IAR\FX15_Debug\List\fire_Kinetis.map
#        --config
#        "C:\Users\maoyakun\Desktop\0814tmt_now\华东决赛\Prj\IAR\config
#        files\fire_ROM_K60N512.icf" --entry __iar_program_start --redirect
#        __write=__write_buffered --vfe
#
###############################################################################

*******************************************************************************
*** RUNTIME MODEL ATTRIBUTES
***

CppFlavor       = *
__SystemLibrary = DLib


*******************************************************************************
*** PLACEMENT SUMMARY
***

"A1":  place at 0x00000000 { ro section .intvec };
"A2":  place at 0x00000410 { ro section .noinit };
"P1":  place in [from 0x00000000 to 0x00040000] { ro, block CodeRelocate };
"P2":  place in [from 0x1fff0410 to 0x20010000] {
          rw, block CodeRelocateRam, block CSTACK, block HEAP };

  Section              Kind        Address     Size  Object
  -------              ----        -------     ----  ------
"A1":                                         0x410
  .intvec              const    0x00000000    0x410  vectors.o [1]
                              - 0x00000410    0x410

"P1", part 1 of 2:                              0x0
  .rodata              const    0x00000410      0x0  zero_init3.o [5]

"A2":                                           0x8
  .noinit              ro code  0x00000410      0x8  startup_MK60DZ10.o [1]
                              - 0x00000418      0x8

"P1", part 2 of 2:                          0x124a8
  .text                ro code  0x00000418   0xb500  camera.o [1]
  .text                ro code  0x0000b918     0x30  I32ToDbl.o [4]
  .text                ro code  0x0000b948    0x1a2  DblMul.o [4]
  .text                ro code  0x0000baea     0x22  zero_init3.o [5]
  .text                ro code  0x0000bb0c    0x180  DblSub.o [4]
  .text                ro code  0x0000bc8c     0x2e  DblCmpLe.o [4]
  .text                ro code  0x0000bcbc     0x4e  FltToDbl.o [4]
  .text                ro code  0x0000bd0c     0xe8  DblAdd.o [4]
  .text                ro code  0x0000bdf4     0x58  DblToI32.o [4]
  .text                ro code  0x0000be4c      0x8  abs.o [3]
  .text                ro code  0x0000be54    0x246  DblDiv.o [4]
  .text                ro code  0x0000c09c     0x90  DblToFlt.o [4]
  .text                ro code  0x0000c12c    0x3a0  MK60_ftm.o [1]
  .text                ro code  0x0000c4cc    0x2a8  MK60_uart.o [1]
  .text                ro code  0x0000c774    0x432  lcd.o [1]
  .text                ro code  0x0000cba8    0x19c  MK60_gpio.o [1]
  .text                ro code  0x0000cd44     0x2e  DblCmpGe.o [4]
  .text                ro code  0x0000cd74     0x64  MK60_SysTick.o [1]
  Veneer               ro code  0x0000cdd8      0x8  - Linker created -
  Veneer               ro code  0x0000cde0      0x8  - Linker created -
  .text                ro code  0x0000cde8    0x118  FIRE_MK60_conf.o [1]
  .text                ro code  0x0000cf00     0xec  MK60_port.o [1]
  .text                ro code  0x0000cfec     0x24  printf.o [3]
  .text                ro code  0x0000d010     0x9c  FIRE_key.o [1]
  .text                ro code  0x0000d0ac     0x50  FIRE_LED.o [1]
  .text                ro code  0x0000d0fc     0x78  MK60_DWT.o [1]
  .text                ro code  0x0000d174    0xd92  xprintffull_nomb.o [3]
  .text                ro code  0x0000df08     0x16  strchr.o [5]
  .text                ro code  0x0000df20     0x36  strlen.o [5]
  .text                ro code  0x0000df58     0x58  memchr.o [5]
  .text                ro code  0x0000dfb0     0xee  I64DivMod.o [5]
  .text                ro code  0x0000e0a0     0x76  ABImemcpy_unaligned.o [5]
  .text                ro code  0x0000e116     0x42  xdnorm.o [4]
  .text                ro code  0x0000e158    0x114  xdscale.o [4]
  .text                ro code  0x0000e26c     0x6c  localeconv.o [3]
  .text                ro code  0x0000e2d8      0xe  div.o [3]
  .text                ro code  0x0000e2e8      0x2  I64DivZer.o [5]
  .text                ro code  0x0000e2ea      0x2  xtls.o [3]
  .text                ro code  0x0000e2ec   0x1490  setting.o [1]
  .data_init                    0x0000f77c    0x918  <Block>
    Initializer bytes  ro data  0x0000f77c    0x918  <for .data-1>
  .text                ro code  0x00010094    0x5c0  MK60_spi.o [1]
  .text                ro code  0x00010654    0x4c8  MK60_dma.o [1]
  .text                ro code  0x00010b1c    0x3e4  initialization.o [1]
  .text                ro code  0x00010f00    0x398  FIRE_NRF24L0.o [1]
  .text                ro code  0x00011298     0x50  misc.o [1]
  .text                ro code  0x000112e8     0x7c  MK60_PIT.o [1]
  .text                ro code  0x00011364    0x2dc  motor.o [1]
  Veneer               ro code  0x00011640      0x8  - Linker created -
  .text                ro code  0x00011648    0x3b8  MK60_mcg.o [1]
  .text                ro code  0x00011a00    0x30c  distance.o [1]
  .rodata              const    0x00011d0c    0x228  lcd.o [1]
  CodeRelocate                  0x00011f34    0x1e0  <Block>
    Initializer bytes  ro data  0x00011f34    0x1e0  <for CodeRelocateRam-1>
  .text                ro code  0x00012114    0x124  system_MK60DZ10.o [1]
  .text                ro code  0x00012238     0x40  MK60_wdog.o [1]
  .text                ro code  0x00012278    0x108  main.o [1]
  .rodata              const    0x00012380     0x48  MK60_flash.o [1]
  .rodata              const    0x000123c8     0x48  MK60_SysTick.o [1]
  .rodata              const    0x00012410     0x44  MK60_dma.o [1]
  .rodata              const    0x00012454     0x44  MK60_ftm.o [1]
  .rodata              const    0x00012498     0x44  MK60_gpio.o [1]
  .rodata              const    0x000124dc     0x44  MK60_PIT.o [1]
  .rodata              const    0x00012520     0x44  MK60_spi.o [1]
  .rodata              const    0x00012564     0x44  MK60_uart.o [1]
  .rodata              const    0x000125a8     0x40  misc.o [1]
  .rodata              const    0x000125e8     0x40  MK60_spi.o [1]
  .rodata              const    0x00012628     0x3c  FIRE_MK60_conf.o [1]
  .text                ro code  0x00012664     0x28  data_init.o [5]
  .rodata              const    0x0001268c     0x24  FIRE_MK60_conf.o [1]
  .iar.init_table      const    0x000126b0     0x10  - Linker created -
  .rodata              const    0x000126c0     0x20  FIRE_MK60_conf.o [1]
  .text                ro code  0x000126e0     0x1a  fpinit_M.o [4]
  .text                ro code  0x000126fc     0x1a  cmain.o [5]
  .text                ro code  0x00012716      0x4  low_level_init.o [3]
  .text                ro code  0x0001271a      0x4  exit.o [3]
  .text                ro code  0x00012720      0xa  cexit.o [5]
  .text                ro code  0x0001272c      0xc  XXexit.o [5]
  .text                ro code  0x00012738     0x16  xprout.o [3]
  .text                ro code  0x00012750      0xc  putchar.o [3]
  .rodata              const    0x0001275c     0x14  FIRE_MK60_conf.o [1]
  .rodata              const    0x00012770      0xc  setting.o [1]
  .rodata              const    0x0001277c      0xc  setting.o [1]
  .rodata              const    0x00012788      0xc  setting.o [1]
  .rodata              const    0x00012794      0xc  setting.o [1]
  .rodata              const    0x000127a0      0xc  setting.o [1]
  .rodata              const    0x000127ac      0xc  setting.o [1]
  .rodata              const    0x000127b8      0xc  setting.o [1]
  .rodata              const    0x000127c4      0xc  setting.o [1]
  .text                ro code  0x000127d0      0xc  cstartup_M.o [5]
  .rodata              const    0x000127dc      0x8  FIRE_NRF24L0.o [1]
  .rodata              const    0x000127e4      0x8  setting.o [1]
  .rodata              const    0x000127ec      0x8  setting.o [1]
  .rodata              const    0x000127f4      0x8  setting.o [1]
  .rodata              const    0x000127fc      0x8  setting.o [1]
  .rodata              const    0x00012804      0x8  setting.o [1]
  .rodata              const    0x0001280c      0x8  setting.o [1]
  .rodata              const    0x00012814      0x8  setting.o [1]
  .rodata              const    0x0001281c      0x8  setting.o [1]
  .rodata              const    0x00012824      0x8  setting.o [1]
  .rodata              const    0x0001282c      0x8  setting.o [1]
  .rodata              const    0x00012834      0x4  MK60_spi.o [1]
  Initializer bytes    ro data  0x00012838     0x88  <for P2 s0>
                              - 0x000128c0  0x124a8

"P2":                                        0x4078
  .data                         0x1fff0410    0x918  <Block>
    .data-1                     0x1fff0410    0x918  <Init block>
      .data            inited   0x1fff0410      0x1  camera.o [1]
      .data            inited   0x1fff0414      0x4  camera.o [1]
      .data            inited   0x1fff0418      0x4  camera.o [1]
      .data            inited   0x1fff041c      0x4  camera.o [1]
      .data            inited   0x1fff0420      0x4  camera.o [1]
      .data            inited   0x1fff0424      0x4  camera.o [1]
      .data            inited   0x1fff0428      0x4  camera.o [1]
      .data            inited   0x1fff042c      0x4  camera.o [1]
      .data            inited   0x1fff0430      0x4  camera.o [1]
      .data            inited   0x1fff0434      0x4  camera.o [1]
      .data            inited   0x1fff0438      0x1  camera.o [1]
      .data            inited   0x1fff043a      0x2  camera.o [1]
      .data            inited   0x1fff043c      0x1  camera.o [1]
      .data            inited   0x1fff0440     0x14  camera.o [1]
      .data            inited   0x1fff0454     0x28  camera.o [1]
      .data            inited   0x1fff047c      0x1  camera.o [1]
      .data            inited   0x1fff0480      0x4  camera.o [1]
      .data            inited   0x1fff0484      0x4  camera.o [1]
      .data            inited   0x1fff0488      0x4  camera.o [1]
      .data            inited   0x1fff048c      0x1  camera.o [1]
      .data            inited   0x1fff0490     0x28  camera.o [1]
      .data            inited   0x1fff04b8      0x8  FIRE_key.o [1]
      .data            inited   0x1fff04c0      0x4  FIRE_LED.o [1]
      .data            inited   0x1fff04c4    0x708  FIRE_MK60_conf.o [1]
      .data            inited   0x1fff0bcc      0x8  FIRE_NRF24L0.o [1]
      .data            inited   0x1fff0bd4      0x8  FIRE_NRF24L0.o [1]
      .data            inited   0x1fff0bdc      0x2  initialization.o [1]
      .data            inited   0x1fff0bde      0x2  initialization.o [1]
      .data            inited   0x1fff0be0      0x2  initialization.o [1]
      .data            inited   0x1fff0be4      0xc  MK60_ftm.o [1]
      .data            inited   0x1fff0bf0     0x14  MK60_gpio.o [1]
      .data            inited   0x1fff0c04     0x58  MK60_mcg.o [1]
      .data            inited   0x1fff0c5c      0x4  MK60_mcg.o [1]
      .data            inited   0x1fff0c60     0x14  MK60_port.o [1]
      .data            inited   0x1fff0c74      0xc  MK60_spi.o [1]
      .data            inited   0x1fff0c80     0x18  MK60_uart.o [1]
      .data            inited   0x1fff0c98      0x2  motor.o [1]
      .data            inited   0x1fff0c9a      0x2  motor.o [1]
      .data            inited   0x1fff0c9c      0x2  motor.o [1]
      .data            inited   0x1fff0c9e      0x2  motor.o [1]
      .data            inited   0x1fff0ca0      0x2  motor.o [1]
      .data            inited   0x1fff0ca2      0x2  motor.o [1]
      .data            inited   0x1fff0ca4      0x2  motor.o [1]
      .data            inited   0x1fff0ca6      0x2  motor.o [1]
      .data            inited   0x1fff0ca8      0x1  motor.o [1]
      .data            inited   0x1fff0ca9      0x1  motor.o [1]
      .data            inited   0x1fff0cac      0x4  setting.o [1]
      .data            inited   0x1fff0cb0      0x4  setting.o [1]
      .data            inited   0x1fff0cb4      0x1  setting.o [1]
      .data            inited   0x1fff0cb8      0x4  setting.o [1]
      .data            inited   0x1fff0cbc      0x4  setting.o [1]
      .data            inited   0x1fff0cc0      0x4  setting.o [1]
      .data            inited   0x1fff0cc4      0x4  setting.o [1]
      .data            inited   0x1fff0cc8     0x20  setting.o [1]
      .data            inited   0x1fff0ce8     0x40  xfiles.o [3]
  CodeRelocateRam               0x1fff0d28    0x1e0  <Block>
    CodeRelocateRam-1           0x1fff0d28    0x1e0  <Init block>
      Veneer           inited   0x1fff0d28      0x8  - Linker created -
      .textrw          inited   0x1fff0d30    0x188  MK60_flash.o [1]
      .textrw          inited   0x1fff0eb8     0x50  MK60_mcg.o [1]
  .bss                          0x1fff0f08   0x34f6  <Block>
    .bss               zero     0x1fff0f08   0x1f40  camera.o [1]
    .bss               zero     0x1fff2e48     0x50  camera.o [1]
    .bss               zero     0x1fff2e98      0x4  camera.o [1]
    .bss               zero     0x1fff2e9c      0x4  camera.o [1]
    .bss               zero     0x1fff2ea0      0x4  camera.o [1]
    .bss               zero     0x1fff2ea4     0x50  camera.o [1]
    .bss               zero     0x1fff2ef4      0x4  camera.o [1]
    .bss               zero     0x1fff2ef8      0x4  camera.o [1]
    .bss               zero     0x1fff2efc      0x4  camera.o [1]
    .bss               zero     0x1fff2f00     0x10  camera.o [1]
    .bss               zero     0x1fff2f10     0x18  camera.o [1]
    .bss               zero     0x1fff2f28     0x28  camera.o [1]
    .bss               zero     0x1fff2f50      0x4  camera.o [1]
    .bss               zero     0x1fff2f54      0x4  camera.o [1]
    .bss               zero     0x1fff2f58      0x4  camera.o [1]
    .bss               zero     0x1fff2f5c      0x4  camera.o [1]
    .bss               zero     0x1fff2f60      0x4  camera.o [1]
    .bss               zero     0x1fff2f64      0x4  camera.o [1]
    .bss               zero     0x1fff2f68      0x4  camera.o [1]
    .bss               zero     0x1fff2f6c      0x4  camera.o [1]
    .bss               zero     0x1fff2f70      0x4  camera.o [1]
    .bss               zero     0x1fff2f74      0x4  camera.o [1]
    .bss               zero     0x1fff2f78      0x4  camera.o [1]
    .bss               zero     0x1fff2f7c      0x4  camera.o [1]
    .bss               zero     0x1fff2f80      0x4  camera.o [1]
    .bss               zero     0x1fff2f84      0x4  camera.o [1]
    .bss               zero     0x1fff2f88      0x4  camera.o [1]
    .bss               zero     0x1fff2f8c      0x4  camera.o [1]
    .bss               zero     0x1fff2f90      0x4  camera.o [1]
    .bss               zero     0x1fff2f94      0x4  camera.o [1]
    .bss               zero     0x1fff2f98      0x4  camera.o [1]
    .bss               zero     0x1fff2f9c      0x4  camera.o [1]
    .bss               zero     0x1fff2fa0      0x4  camera.o [1]
    .bss               zero     0x1fff2fa4      0x4  camera.o [1]
    .bss               zero     0x1fff2fa8      0x4  camera.o [1]
    .bss               zero     0x1fff2fac      0x4  camera.o [1]
    .bss               zero     0x1fff2fb0     0x20  camera.o [1]
    .bss               zero     0x1fff2fd0      0x4  camera.o [1]
    .bss               zero     0x1fff2fd4      0x4  camera.o [1]
    .bss               zero     0x1fff2fd8      0x4  camera.o [1]
    .bss               zero     0x1fff2fdc      0x4  camera.o [1]
    .bss               zero     0x1fff2fe0      0x4  camera.o [1]
    .bss               zero     0x1fff2fe4      0x4  camera.o [1]
    .bss               zero     0x1fff2fe8      0x4  camera.o [1]
    .bss               zero     0x1fff2fec      0x4  camera.o [1]
    .bss               zero     0x1fff2ff0      0x4  camera.o [1]
    .bss               zero     0x1fff2ff4      0x4  camera.o [1]
    .bss               zero     0x1fff2ff8      0x4  camera.o [1]
    .bss               zero     0x1fff2ffc      0x4  camera.o [1]
    .bss               zero     0x1fff3000      0x4  camera.o [1]
    .bss               zero     0x1fff3004      0x4  camera.o [1]
    .bss               zero     0x1fff3008      0x4  camera.o [1]
    .bss               zero     0x1fff300c      0x4  camera.o [1]
    .bss               zero     0x1fff3010      0x4  camera.o [1]
    .bss               zero     0x1fff3014      0x4  camera.o [1]
    .bss               zero     0x1fff3018      0x4  camera.o [1]
    .bss               zero     0x1fff301c      0x4  camera.o [1]
    .bss               zero     0x1fff3020     0x50  camera.o [1]
    .bss               zero     0x1fff3070     0x50  camera.o [1]
    .bss               zero     0x1fff30c0      0x4  camera.o [1]
    .bss               zero     0x1fff30c4      0x4  camera.o [1]
    .bss               zero     0x1fff30c8      0x4  camera.o [1]
    .bss               zero     0x1fff30cc      0x4  camera.o [1]
    .bss               zero     0x1fff30d0      0x4  camera.o [1]
    .bss               zero     0x1fff30d4      0x4  camera.o [1]
    .bss               zero     0x1fff30d8      0x4  camera.o [1]
    .bss               zero     0x1fff30dc      0x4  camera.o [1]
    .bss               zero     0x1fff30e0      0x4  camera.o [1]
    .bss               zero     0x1fff30e4      0x4  camera.o [1]
    .bss               zero     0x1fff30e8      0x4  camera.o [1]
    .bss               zero     0x1fff30ec     0x50  camera.o [1]
    .bss               zero     0x1fff313c     0x50  camera.o [1]
    .bss               zero     0x1fff318c      0x4  camera.o [1]
    .bss               zero     0x1fff3190      0x4  camera.o [1]
    .bss               zero     0x1fff3194      0x4  camera.o [1]
    .bss               zero     0x1fff3198      0x4  camera.o [1]
    .bss               zero     0x1fff319c      0x4  camera.o [1]
    .bss               zero     0x1fff31a0      0x4  camera.o [1]
    .bss               zero     0x1fff31a4      0x4  camera.o [1]
    .bss               zero     0x1fff31a8      0x4  camera.o [1]
    .bss               zero     0x1fff31ac     0x50  camera.o [1]
    .bss               zero     0x1fff31fc     0x50  camera.o [1]
    .bss               zero     0x1fff324c      0x4  camera.o [1]
    .bss               zero     0x1fff3250      0x4  camera.o [1]
    .bss               zero     0x1fff3254      0x4  camera.o [1]
    .bss               zero     0x1fff3258      0x4  camera.o [1]
    .bss               zero     0x1fff325c      0x4  camera.o [1]
    .bss               zero     0x1fff3260      0x4  camera.o [1]
    .bss               zero     0x1fff3264      0x4  camera.o [1]
    .bss               zero     0x1fff3268      0x4  camera.o [1]
    .bss               zero     0x1fff326c      0x4  camera.o [1]
    .bss               zero     0x1fff3270      0x4  camera.o [1]
    .bss               zero     0x1fff3274      0x4  camera.o [1]
    .bss               zero     0x1fff3278      0x4  camera.o [1]
    .bss               zero     0x1fff327c      0x4  camera.o [1]
    .bss               zero     0x1fff3280      0x4  camera.o [1]
    .bss               zero     0x1fff3284      0x4  camera.o [1]
    .bss               zero     0x1fff3288      0x4  camera.o [1]
    .bss               zero     0x1fff328c      0x4  camera.o [1]
    .bss               zero     0x1fff3290      0x4  camera.o [1]
    .bss               zero     0x1fff3294      0x4  camera.o [1]
    .bss               zero     0x1fff3298      0x4  camera.o [1]
    .bss               zero     0x1fff329c      0x4  camera.o [1]
    .bss               zero     0x1fff32a0      0x4  camera.o [1]
    .bss               zero     0x1fff32a4      0x4  camera.o [1]
    .bss               zero     0x1fff32a8      0x4  camera.o [1]
    .bss               zero     0x1fff32ac      0x4  camera.o [1]
    .bss               zero     0x1fff32b0      0x4  camera.o [1]
    .bss               zero     0x1fff32b4      0x4  camera.o [1]
    .bss               zero     0x1fff32b8      0x4  camera.o [1]
    .bss               zero     0x1fff32bc      0x4  camera.o [1]
    .bss               zero     0x1fff32c0      0x4  camera.o [1]
    .bss               zero     0x1fff32c4      0x4  camera.o [1]
    .bss               zero     0x1fff32c8      0x4  camera.o [1]
    .bss               zero     0x1fff32cc      0x4  camera.o [1]
    .bss               zero     0x1fff32d0      0x4  camera.o [1]
    .bss               zero     0x1fff32d4      0x4  camera.o [1]
    .bss               zero     0x1fff32d8      0x4  camera.o [1]
    .bss               zero     0x1fff32dc      0x4  camera.o [1]
    .bss               zero     0x1fff32e0      0x4  camera.o [1]
    .bss               zero     0x1fff32e4      0x4  camera.o [1]
    .bss               zero     0x1fff32e8      0x4  camera.o [1]
    .bss               zero     0x1fff32ec      0x4  camera.o [1]
    .bss               zero     0x1fff32f0      0x4  camera.o [1]
    .bss               zero     0x1fff32f4     0x50  camera.o [1]
    .bss               zero     0x1fff3344     0x50  camera.o [1]
    .bss               zero     0x1fff3394     0x50  camera.o [1]
    .bss               zero     0x1fff33e4      0x4  camera.o [1]
    .bss               zero     0x1fff33e8      0x4  camera.o [1]
    .bss               zero     0x1fff33ec      0x4  camera.o [1]
    .bss               zero     0x1fff33f0      0x4  camera.o [1]
    .bss               zero     0x1fff33f4      0x4  camera.o [1]
    .bss               zero     0x1fff33f8      0x4  camera.o [1]
    .bss               zero     0x1fff33fc      0x4  camera.o [1]
    .bss               zero     0x1fff3400      0x4  camera.o [1]
    .bss               zero     0x1fff3404      0x4  camera.o [1]
    .bss               zero     0x1fff3408      0x4  camera.o [1]
    .bss               zero     0x1fff340c      0x4  camera.o [1]
    .bss               zero     0x1fff3410      0x4  camera.o [1]
    .bss               zero     0x1fff3414      0x4  camera.o [1]
    .bss               zero     0x1fff3418      0x4  camera.o [1]
    .bss               zero     0x1fff341c      0x4  camera.o [1]
    .bss               zero     0x1fff3420      0x4  camera.o [1]
    .bss               zero     0x1fff3424      0x4  camera.o [1]
    .bss               zero     0x1fff3428      0x4  camera.o [1]
    .bss               zero     0x1fff342c     0x10  distance.o [1]
    .bss               zero     0x1fff343c      0x4  distance.o [1]
    .bss               zero     0x1fff3440    0xa00  FIRE_NRF24L0.o [1]
    .bss               zero     0x1fff3e40      0x4  FIRE_NRF24L0.o [1]
    .bss               zero     0x1fff3e44      0x4  FIRE_NRF24L0.o [1]
    .bss               zero     0x1fff3e48      0x4  initialization.o [1]
    .bss               zero     0x1fff3e4c     0x14  initialization.o [1]
    .bss               zero     0x1fff3e60      0x4  initialization.o [1]
    .bss               zero     0x1fff3e64      0x4  initialization.o [1]
    .bss               zero     0x1fff3e68    0x400  lcd.o [1]
    .bss               zero     0x1fff4268     0x50  main.o [1]
    .bss               zero     0x1fff42b8     0x40  MK60_dma.o [1]
    .bss               zero     0x1fff42f8      0xc  motor.o [1]
    .bss               zero     0x1fff4304      0xc  motor.o [1]
    .bss               zero     0x1fff4310      0x4  motor.o [1]
    .bss               zero     0x1fff4314      0x4  motor.o [1]
    .bss               zero     0x1fff4318      0x4  setting.o [1]
    .bss               zero     0x1fff431c      0x4  setting.o [1]
    .bss               zero     0x1fff4320      0x4  setting.o [1]
    .bss               zero     0x1fff4324      0x4  setting.o [1]
    .bss               zero     0x1fff4328      0x4  setting.o [1]
    .bss               zero     0x1fff432c      0x4  setting.o [1]
    .bss               zero     0x1fff4330      0x4  setting.o [1]
    .bss               zero     0x1fff4334      0x4  setting.o [1]
    .bss               zero     0x1fff4338      0x4  setting.o [1]
    .bss               zero     0x1fff433c      0x4  system_MK60DZ10.o [1]
    .bss               zero     0x1fff4340      0x4  system_MK60DZ10.o [1]
    .bss               zero     0x1fff4344      0x4  system_MK60DZ10.o [1]
    .bss               zero     0x1fff4348     0x50  xfiles.o [3]
    .bss               zero     0x1fff4398      0x2  camera.o [1]
    .bss               zero     0x1fff439a      0x2  camera.o [1]
    .bss               zero     0x1fff439c      0x2  camera.o [1]
    .bss               zero     0x1fff439e      0x2  camera.o [1]
    .bss               zero     0x1fff43a0      0x2  camera.o [1]
    .bss               zero     0x1fff43a2      0x2  camera.o [1]
    .bss               zero     0x1fff43a4      0x2  camera.o [1]
    .bss               zero     0x1fff43a6      0x2  camera.o [1]
    .bss               zero     0x1fff43a8      0x2  camera.o [1]
    .bss               zero     0x1fff43aa      0x2  camera.o [1]
    .bss               zero     0x1fff43ac      0x2  initialization.o [1]
    .bss               zero     0x1fff43ae      0x2  initialization.o [1]
    .bss               zero     0x1fff43b0      0x2  initialization.o [1]
    .bss               zero     0x1fff43b2      0x2  initialization.o [1]
    .bss               zero     0x1fff43b4      0x2  initialization.o [1]
    .bss               zero     0x1fff43b6      0x1  camera.o [1]
    .bss               zero     0x1fff43b7      0x1  camera.o [1]
    .bss               zero     0x1fff43b8      0x1  camera.o [1]
    .bss               zero     0x1fff43b9      0x1  camera.o [1]
    .bss               zero     0x1fff43ba      0x1  camera.o [1]
    .bss               zero     0x1fff43bb      0x1  camera.o [1]
    .bss               zero     0x1fff43bc      0x1  camera.o [1]
    .bss               zero     0x1fff43bd      0x1  camera.o [1]
    .bss               zero     0x1fff43be      0x1  camera.o [1]
    .bss               zero     0x1fff43bf      0x1  camera.o [1]
    .bss               zero     0x1fff43c0      0x1  camera.o [1]
    .bss               zero     0x1fff43c1      0x1  camera.o [1]
    .bss               zero     0x1fff43c2      0x1  camera.o [1]
    .bss               zero     0x1fff43c3      0x1  camera.o [1]
    .bss               zero     0x1fff43c4      0x1  camera.o [1]
    .bss               zero     0x1fff43c5      0x1  camera.o [1]
    .bss               zero     0x1fff43c6      0x1  camera.o [1]
    .bss               zero     0x1fff43c7      0x1  camera.o [1]
    .bss               zero     0x1fff43c8      0x1  camera.o [1]
    .bss               zero     0x1fff43c9      0x1  camera.o [1]
    .bss               zero     0x1fff43ca      0x1  camera.o [1]
    .bss               zero     0x1fff43cb      0x1  camera.o [1]
    .bss               zero     0x1fff43cc      0x1  camera.o [1]
    .bss               zero     0x1fff43cd      0x1  camera.o [1]
    .bss               zero     0x1fff43ce      0x1  camera.o [1]
    .bss               zero     0x1fff43cf      0x1  camera.o [1]
    .bss               zero     0x1fff43d0      0x1  camera.o [1]
    .bss               zero     0x1fff43d1      0x1  camera.o [1]
    .bss               zero     0x1fff43d2      0x1  camera.o [1]
    .bss               zero     0x1fff43d3      0x1  camera.o [1]
    .bss               zero     0x1fff43d4      0x1  camera.o [1]
    .bss               zero     0x1fff43d5      0x1  camera.o [1]
    .bss               zero     0x1fff43d6      0x1  camera.o [1]
    .bss               zero     0x1fff43d7      0x1  camera.o [1]
    .bss               zero     0x1fff43d8      0x1  camera.o [1]
    .bss               zero     0x1fff43d9      0x1  camera.o [1]
    .bss               zero     0x1fff43da      0x1  camera.o [1]
    .bss               zero     0x1fff43db      0x1  camera.o [1]
    .bss               zero     0x1fff43dc      0x1  camera.o [1]
    .bss               zero     0x1fff43dd      0x1  camera.o [1]
    .bss               zero     0x1fff43de      0x1  camera.o [1]
    .bss               zero     0x1fff43df      0x1  camera.o [1]
    .bss               zero     0x1fff43e0      0x1  camera.o [1]
    .bss               zero     0x1fff43e1      0x1  camera.o [1]
    .bss               zero     0x1fff43e2      0x1  camera.o [1]
    .bss               zero     0x1fff43e3      0x1  camera.o [1]
    .bss               zero     0x1fff43e4      0x1  camera.o [1]
    .bss               zero     0x1fff43e5      0x1  camera.o [1]
    .bss               zero     0x1fff43e6      0x1  camera.o [1]
    .bss               zero     0x1fff43e7      0x1  camera.o [1]
    .bss               zero     0x1fff43e8      0x1  camera.o [1]
    .bss               zero     0x1fff43e9      0x1  camera.o [1]
    .bss               zero     0x1fff43ea      0x1  camera.o [1]
    .bss               zero     0x1fff43eb      0x1  camera.o [1]
    .bss               zero     0x1fff43ec      0x1  camera.o [1]
    .bss               zero     0x1fff43ed      0x1  FIRE_NRF24L0.o [1]
    .bss               zero     0x1fff43ee      0x1  FIRE_NRF24L0.o [1]
    .bss               zero     0x1fff43ef      0x1  FIRE_NRF24L0.o [1]
    .bss               zero     0x1fff43f0      0x1  FIRE_NRF24L0.o [1]
    .bss               zero     0x1fff43f1      0x1  FIRE_NRF24L0.o [1]
    .bss               zero     0x1fff43f2      0x1  initialization.o [1]
    .bss               zero     0x1fff43f3      0x1  motor.o [1]
    .bss               zero     0x1fff43f4      0x1  motor.o [1]
    .bss               zero     0x1fff43f5      0x1  setting.o [1]
    .bss               zero     0x1fff43f6      0x1  setting.o [1]
    .bss               zero     0x1fff43f7      0x1  setting.o [1]
    .bss               zero     0x1fff43f8      0x1  setting.o [1]
    .bss               zero     0x1fff43f9      0x1  setting.o [1]
    .bss               zero     0x1fff43fa      0x1  setting.o [1]
    .bss               zero     0x1fff43fb      0x1  setting.o [1]
    .bss               zero     0x1fff43fc      0x1  setting.o [1]
    .bss               zero     0x1fff43fd      0x1  setting.o [1]
  P2 s0                         0x1fff4400     0x88  <Init block>
    __DLIB_PERTHREAD   inited   0x1fff4400     0x88  localeconv.o [3]
                              - 0x1fff4488   0x4078


*******************************************************************************
*** INIT TABLE
***

          Address     Size
          -------     ----
Zero (__iar_zero_init3)
    1 destination range, total size 0x34f6:
          0x1fff0f08  0x34f6



*******************************************************************************
*** MODULE SUMMARY
***

    Module                 ro code  rw code  ro data  rw data
    ------                 -------  -------  -------  -------
C:\Users\maoyakun\Desktop\0814tmt_now\华东决赛\Prj\IAR\FX15_Debug\Obj: [1]
    FIRE_LED.o                  80                 4        4
    FIRE_MK60_conf.o           280             1 948    1 800
    FIRE_NRF24L0.o             920                24    2 589
    FIRE_key.o                 156                 8        8
    MK60_DWT.o                 120
    MK60_PIT.o                 124                68
    MK60_SysTick.o             100                72
    MK60_dma.o               1 224                68       64
    MK60_flash.o                        392      464
    MK60_ftm.o                 928                82       12
    MK60_gpio.o                412                88       20
    MK60_mcg.o                 952       80      172       92
    MK60_port.o                236                20       20
    MK60_spi.o               1 472               148       12
    MK60_uart.o                680                92       24
    MK60_wdog.o                 64
    camera.o                46 336               168    9 738
    distance.o                 780                         20
    initialization.o           996                 6       49
    lcd.o                    1 074               552    1 024
    main.o                     264                         80
    misc.o                      80                64
    motor.o                    732                18       52
    setting.o                5 264               238      102
    startup_MK60DZ10.o           8
    system_MK60DZ10.o          292                         12
    vectors.o                                  1 040
    ---------------------------------------------------------
    Total:                  63 574      472    5 344   15 722

command line: [2]
    ---------------------------------------------------------
    Total:

dl7M_tlf.a: [3]
    abs.o                        8
    div.o                       14
    exit.o                       4
    localeconv.o               108               136      136
    low_level_init.o             4
    printf.o                    36
    putchar.o                   12
    xfiles.o                                      64      144
    xprintffull_nomb.o       3 474
    xprout.o                    22
    xtls.o                       2
    ---------------------------------------------------------
    Total:                   3 684               200      280

m7M_tlv.a: [4]
    DblAdd.o                   232
    DblCmpGe.o                  46
    DblCmpLe.o                  46
    DblDiv.o                   582
    DblMul.o                   418
    DblSub.o                   384
    DblToFlt.o                 144
    DblToI32.o                  88
    FltToDbl.o                  78
    I32ToDbl.o                  48
    fpinit_M.o                  26
    xdnorm.o                    66
    xdscale.o                  276
    ---------------------------------------------------------
    Total:                   2 434

rt7M_tl.a: [5]
    ABImemcpy_unaligned.o      118
    I64DivMod.o                238
    I64DivZer.o                  2
    XXexit.o                    12
    cexit.o                     10
    cmain.o                     26
    cstartup_M.o                12
    data_init.o                 40
    memchr.o                    88
    strchr.o                    22
    strlen.o                    54
    zero_init3.o                34
    ---------------------------------------------------------
    Total:                     656

    Gaps                        28                         20
    Linker created              24        8       24
-------------------------------------------------------------
    Grand Total:            70 400      480    5 568   16 022


*******************************************************************************
*** ENTRY LIST
***

Entry                      Address    Size  Type      Object
-----                      -------    ----  ----      ------
.bss$$Base              0x1fff0f08           --   Gb  - Linker created -
.bss$$Limit             0x1fff43fe           --   Gb  - Linker created -
.data$$Base             0x1fff0410           --   Gb  - Linker created -
.data$$Limit            0x1fff0d28           --   Gb  - Linker created -
.data_init$$Base        0x0000f77c           --   Gb  - Linker created -
.data_init$$Limit       0x00010094           --   Gb  - Linker created -
?main                   0x000126fd          Code  Gb  cmain.o [5]
ASSERT_FAILED_STR       0x0001268c    0x24  Data  Gb  FIRE_MK60_conf.o [1]
AvaliableLines          0x1fff3428     0x4  Data  Gb  camera.o [1]
AverageX                0x1fff3414     0x4  Data  Gb  camera.o [1]
AverageX_2              0x1fff341c     0x4  Data  Gb  camera.o [1]
AverageX_Y              0x1fff3420     0x4  Data  Gb  camera.o [1]
AverageY                0x1fff3418     0x4  Data  Gb  camera.o [1]
CodeRelocate$$Base      0x00011f34           --   Gb  - Linker created -
CodeRelocate$$Limit     0x00012114           --   Gb  - Linker created -
CodeRelocateRam$$Base   0x1fff0d28           --   Gb  - Linker created -
CodeRelocateRam$$Limit  0x1fff0f08           --   Gb  - Linker created -
DMA_count_Init          0x000108af   0x1ec  Code  Gb  MK60_dma.o [1]
DMA_count_get           0x00010a9b    0x1c  Code  Gb  MK60_dma.o [1]
DMA_count_reset         0x00010ab7    0x18  Code  Gb  MK60_dma.o [1]
Distance                0x1fff2fd0     0x4  Data  Gb  camera.o [1]
F6x8                    0x00011d0c   0x228  Data  Gb  lcd.o [1]
FTMN                    0x1fff0be4     0xc  Data  Gb  MK60_ftm.o [1]
FTM_PWM_Duty            0x0000c3c9    0xf0  Code  Gb  MK60_ftm.o [1]
FTM_PWM_init            0x0000c12d   0x29c  Code  Gb  MK60_ftm.o [1]
GPIOX                   0x1fff0bf0    0x14  Data  Gb  MK60_gpio.o [1]
HS                      0x1fff439a     0x2  Data  Gb  camera.o [1]
KEY_PTxn                0x1fff04b8     0x8  Data  Gb  FIRE_key.o [1]
LCD_DLY_ms              0x0000c8d7    0x1c  Code  Gb  lcd.o [1]
LCD_Fill                0x0000c897    0x40  Code  Gb  lcd.o [1]
LCD_Init                0x0000c8f3   0x122  Code  Gb  lcd.o [1]
LCD_P6x8Str             0x0000ca5d    0x7a  Code  Gb  lcd.o [1]
LCD_Set_Pos             0x0000c86f    0x28  Code  Gb  lcd.o [1]
LCD_Show_Number         0x0000cb31    0x76  Code  Gb  lcd.o [1]
LCD_WrCmd               0x0000c7f5    0x7a  Code  Gb  lcd.o [1]
LCD_WrDat               0x0000c775    0x7e  Code  Gb  lcd.o [1]
LCD_write_char          0x0000cad7    0x38  Code  Gb  lcd.o [1]
LED_PTxn                0x1fff04c0     0x4  Data  Gb  FIRE_LED.o [1]
LED_init                0x00010b57    0x30  Code  Gb  initialization.o [1]
LP_image                0x0000b725    0xbc  Code  Gb  camera.o [1]
Least_Squares           0x00000441   0x152  Code  Gb  camera.o [1]
Left_turn_flag          0x1fff43e1     0x1  Data  Gb  camera.o [1]
LoadInt                 0x0000d6fd    0x6e  Code  Lc  xprintffull_nomb.o [3]
NRF_ISR_RX_FIFO         0x1fff3440   0xa00  Data  Gb  FIRE_NRF24L0.o [1]
NVIC_DisableIRQ         0x0000042d    0x14  Code  Lc  camera.o [1]
NVIC_EnableIRQ          0x00000419    0x14  Code  Lc  camera.o [1]
NVIC_EnableIRQ          0x00010b1d    0x14  Code  Lc  initialization.o [1]
NVIC_EnableIRQ          0x00010655    0x16  Code  Lc  MK60_dma.o [1]
NVIC_EnableIRQ          0x0000c4cd    0x16  Code  Lc  MK60_uart.o [1]
NVIC_SetPriority        0x00010b31    0x26  Code  Lc  initialization.o [1]
NVIC_SystemReset        0x0000cde9    0x1a  Code  Lc  FIRE_MK60_conf.o [1]
OLED_GRAM               0x1fff3e68   0x400  Data  Gb  lcd.o [1]
OLED_Refresh_Gram       0x0000ca15    0x48  Code  Gb  lcd.o [1]
PIT0_IRQHandler         0x00010d45    0x70  Code  Gb  initialization.o [1]
PORTA_IRQHandler        0x00010e55    0x22  Code  Gb  initialization.o [1]
PORTX                   0x1fff0c60    0x14  Data  Gb  MK60_port.o [1]
RX_ADDRESS              0x1fff0bd4     0x8  Data  Gb  FIRE_NRF24L0.o [1]
Region$$Table$$Base     0x000126b0           --   Gb  - Linker created -
Region$$Table$$Limit    0x000126c0           --   Gb  - Linker created -
Reset_Handler           0x00000411          Code  Gb  startup_MK60DZ10.o [1]
SPIN                    0x1fff0c74     0xc  Data  Gb  MK60_spi.o [1]
SumX                    0x1fff3404     0x4  Data  Gb  camera.o [1]
SumY                    0x1fff3408     0x4  Data  Gb  camera.o [1]
TX_ADDRESS              0x1fff0bcc     0x8  Data  Gb  FIRE_NRF24L0.o [1]
Temp_PID_1              0x1fff4320     0x4  Data  Gb  setting.o [1]
Temp_PID_2              0x1fff4324     0x4  Data  Gb  setting.o [1]
Temp_PID_3              0x1fff4328     0x4  Data  Gb  setting.o [1]
Temp_PID_4              0x1fff432c     0x4  Data  Gb  setting.o [1]
Temp_PID_5              0x1fff4330     0x4  Data  Gb  setting.o [1]
Temp_PID_6              0x1fff4334     0x4  Data  Gb  setting.o [1]
Temp_PID_7              0x1fff4338     0x4  Data  Gb  setting.o [1]
UARTN                   0x1fff0c80    0x18  Data  Gb  MK60_uart.o [1]
VS                      0x1fff4398     0x2  Data  Gb  camera.o [1]
V_Cnt                   0x1fff43b6     0x1  Data  Gb  camera.o [1]
_GenldFullNoMb          0x0000dc73   0x24c  Code  Lc  xprintffull_nomb.o [3]
_LdtobFullNoMb          0x0000d871   0x3fc  Code  Lc  xprintffull_nomb.o [3]
_LitobFullNoMb          0x0000d76b   0x106  Code  Lc  xprintffull_nomb.o [3]
_Locale_aeabi_lconv     0x1fff4450    0x38  Data  Gb  localeconv.o [3]
_Locale_lconv           0x1fff4400    0x50  Data  Gb  localeconv.o [3]
_PrintfFullNoMb         0x0000d175   0x582  Code  Gb  xprintffull_nomb.o [3]
_Prout                  0x00012739    0x16  Code  Gb  xprout.o [3]
_PutcharsFullNoMb       0x0000debf    0x2e  Code  Lc  xprintffull_nomb.o [3]
__BOOT_STACK_ADDRESS {Abs}
                        0x2000fff8           --   Gb  command line/config [2]
__VECTOR_RAM {Abs}      0x1fff0000           --   Gb  command line/config [2]
__VECTOR_TABLE {Abs}    0x00000000           --   Gb  command line/config [2]
__aeabi_cdcmple         0x0000bc8d          Code  Gb  DblCmpLe.o [4]
__aeabi_cdrcmple        0x0000cd45          Code  Gb  DblCmpGe.o [4]
__aeabi_d2f             0x0000c09d          Code  Gb  DblToFlt.o [4]
__aeabi_d2iz            0x0000bdf5          Code  Gb  DblToI32.o [4]
__aeabi_d2uiz           0x0000be21          Code  Gb  DblToI32.o [4]
__aeabi_dadd            0x0000bd0d          Code  Gb  DblAdd.o [4]
__aeabi_ddiv            0x0000be55          Code  Gb  DblDiv.o [4]
__aeabi_dmul            0x0000b949          Code  Gb  DblMul.o [4]
__aeabi_dsub            0x0000bb0d          Code  Gb  DblSub.o [4]
__aeabi_f2d             0x0000bcbd          Code  Gb  FltToDbl.o [4]
__aeabi_i2d             0x0000b919          Code  Gb  I32ToDbl.o [4]
__aeabi_ldiv0           0x0000e2e9          Code  Gb  I64DivZer.o [5]
__aeabi_ui2d            0x0000b92d          Code  Gb  I32ToDbl.o [4]
__aeabi_uldivmod        0x0000dfb1          Code  Gb  I64DivMod.o [5]
__as_entries_start      0xffffffff           --   Gb  command line/config [2]
__as_table_start        0xffffffff           --   Gb  command line/config [2]
__cmain                 0x000126fd          Code  Gb  cmain.o [5]
__code_start__ {Abs}    0x00000410           --   Gb  command line/config [2]
__exit                  0x0001272d          Code  Gb  XXexit.o [5]
__iar_Dnorm             0x0000e117    0x42  Code  Gb  xdnorm.o [4]
__iar_Dscale            0x0000e159   0x114  Code  Gb  xdscale.o [4]
__iar_Locale_lconv_init
                        0x0000e26d    0x3a  Code  Gb  localeconv.o [3]
__iar_Memchr            0x0000df59          Code  Gb  memchr.o [5]
__iar_Stdout            0x1fff0ce8    0x40  Data  Gb  xfiles.o [3]
__iar_Strchr            0x0000df09          Code  Gb  strchr.o [5]
__iar_d2uiz             0x0000be2d          Code  Gb  DblToI32.o [4]
__iar_dadd              0x0000bd21          Code  Gb  DblAdd.o [4]
__iar_data_init3        0x00012665    0x28  Code  Gb  data_init.o [5]
__iar_dlib_perthread_access
                        0x0000e2eb     0x2  Code  Gb  xtls.o [3]
__iar_dsub              0x0000bb21          Code  Gb  DblSub.o [4]
__iar_dsubStart         0x0000bb33          Code  Gb  DblSub.o [4]
__iar_init_vfp          0x000126e1          Code  Gb  fpinit_M.o [4]
__iar_program_start     0x000127d1          Code  Gb  cstartup_M.o [5]
__iar_ui2d              0x0000b931          Code  Gb  I32ToDbl.o [4]
__iar_unaligned___aeabi_memcpy
                        0x0000e0a1          Code  Gb  ABImemcpy_unaligned.o [5]
__iar_unaligned___aeabi_memcpy4
                        0x0000e0c1          Code  Gb  ABImemcpy_unaligned.o [5]
__iar_unaligned___aeabi_memcpy8
                        0x0000e0c1          Code  Gb  ABImemcpy_unaligned.o [5]
__iar_zero_init3        0x0000baeb    0x22  Code  Gb  zero_init3.o [5]
__low_level_init        0x00012717     0x4  Code  Gb  low_level_init.o [3]
__vector_table          0x00000000   0x410  Data  Gb  vectors.o [1]
_call_main              0x00012709          Code  Gb  cmain.o [5]
_exit                   0x00012721          Code  Gb  cexit.o [5]
_main                   0x00012713          Code  Gb  cmain.o [5]
abs                     0x0000be4d     0x8  Code  Gb  abs.o [3]
allwhite                0x1fff43c1     0x1  Data  Gb  camera.o [1]
aobian_left             0x1fff33ec     0x4  Data  Gb  camera.o [1]
aobian_right            0x1fff33f0     0x4  Data  Gb  camera.o [1]
assert_failed           0x0000ce03    0x12  Code  Gb  FIRE_MK60_conf.o [1]
avg_distance            0x1fff3e48     0x4  Data  Gb  initialization.o [1]
avg_front               0x1fff32e0     0x4  Data  Gb  camera.o [1]
b_left                  0x1fff3190     0x4  Data  Gb  camera.o [1]
b_right                 0x1fff318c     0x4  Data  Gb  camera.o [1]
bizhang_flag            0x1fff31a8     0x4  Data  Gb  camera.o [1]
bizhang_zhidao_flag     0x1fff43e7     0x1  Data  Gb  camera.o [1]
break_left              0x1fff43b9     0x1  Data  Gb  camera.o [1]
break_left_shizi        0x1fff43c4     0x1  Data  Gb  camera.o [1]
break_right             0x1fff43b8     0x1  Data  Gb  camera.o [1]
break_right_shizi       0x1fff43c5     0x1  Data  Gb  camera.o [1]
bus_clk_khz             0x1fff4344     0x4  Data  Gb  system_MK60DZ10.o [1]
camera                  0x000005c9  0xa748  Code  Gb  camera.o [1]
cc_slope                0x1fff324c     0x4  Data  Gb  camera.o [1]
change_num              0x1fff43d0     0x1  Data  Gb  camera.o [1]
chaoche_break           0x1fff43aa     0x2  Data  Gb  camera.o [1]
chaoche_distance        0x1fff3250     0x4  Data  Gb  camera.o [1]
chaoche_left_flag       0x1fff43da     0x1  Data  Gb  camera.o [1]
chaoche_line_you        0x1fff31fc    0x50  Data  Gb  camera.o [1]
chaoche_line_zuo        0x1fff31ac    0x50  Data  Gb  camera.o [1]
chaoche_ready_flag      0x1fff43de     0x1  Data  Gb  camera.o [1]
chaoche_start           0x1fff43a8     0x2  Data  Gb  camera.o [1]
chaoche_start_zuo       0x1fff43a6     0x2  Data  Gb  camera.o [1]
chaoche_stop_distance   0x1fff3260     0x4  Data  Gb  camera.o [1]
chaoche_zhidao_flag     0x1fff33e4     0x4  Data  Gb  camera.o [1]
chaochefind_flag        0x1fff43db     0x1  Data  Gb  camera.o [1]
chaochefind_zuo_flag    0x1fff43dc     0x1  Data  Gb  camera.o [1]
chaochesudu_flag        0x1fff43e3     0x1  Data  Gb  camera.o [1]
chasu                   0x0000b5bd   0x12c  Code  Gb  camera.o [1]
chasu_rate              0x1fff0434     0x4  Data  Gb  camera.o [1]
chuhuan_diu_count       0x1fff2fe4     0x4  Data  Gb  camera.o [1]
chuhuan_find_left       0x1fff2fe8     0x4  Data  Gb  camera.o [1]
chuhuan_find_right      0x1fff2fec     0x4  Data  Gb  camera.o [1]
chuhuan_hang            0x1fff2f88     0x4  Data  Gb  camera.o [1]
chuhuan_lie             0x1fff2f84     0x4  Data  Gb  camera.o [1]
chuhuandao_flag         0x1fff047c     0x1  Data  Gb  camera.o [1]
common_startup          0x00012169    0x98  Code  Gb  system_MK60DZ10.o [1]
core_clk_khz            0x1fff433c     0x4  Data  Gb  system_MK60DZ10.o [1]
core_clk_mhz            0x1fff4340     0x4  Data  Gb  system_MK60DZ10.o [1]
count                   0x1fff2ea0     0x4  Data  Gb  camera.o [1]
count_black1            0x1fff2f64     0x4  Data  Gb  camera.o [1]
count_black2            0x1fff2f68     0x4  Data  Gb  camera.o [1]
count_init              0x1fff42b8    0x40  Data  Gb  MK60_dma.o [1]
count_white             0x1fff2fa0     0x4  Data  Gb  camera.o [1]
cruise_mode_on          0x1fff0cb4     0x1  Data  Gb  setting.o [1]
dajiao_distance         0x1fff325c     0x4  Data  Gb  camera.o [1]
dat                     0x1fff3e64     0x4  Data  Gb  initialization.o [1]
default_isr             0x0000cec3    0x1c  Code  Gb  FIRE_MK60_conf.o [1]
distance                0x1fff3e60     0x4  Data  Gb  initialization.o [1]
distance1               0x1fff2f94     0x4  Data  Gb  camera.o [1]
distance3               0x1fff2f98     0x4  Data  Gb  camera.o [1]
distance_control        0x00011a01   0x30c  Code  Gb  distance.o [1]
div                     0x0000e2d9     0xe  Code  Gb  div.o [3]
dma_portx2buff_init     0x0001066b   0x244  Code  Gb  MK60_dma.o [1]
dwt_delay_ms            0x0000d15d    0x18  Code  Gb  MK60_DWT.o [1]
dwt_delay_us            0x0000d0fd    0x4e  Code  Gb  MK60_DWT.o [1]
edge_length1            0x1fff2f6c     0x4  Data  Gb  camera.o [1]
edge_length2            0x1fff2f70     0x4  Data  Gb  camera.o [1]
error_distance          0x1fff342c    0x10  Data  Gb  distance.o [1]
error_speed_left        0x1fff4304     0xc  Data  Gb  motor.o [1]
error_speed_right       0x1fff42f8     0xc  Data  Gb  motor.o [1]
error_steer             0x1fff2f10    0x18  Data  Gb  camera.o [1]
exit                    0x0001271b     0x4  Code  Gb  exit.o [3]
exti_init               0x0000cf7b    0x64  Code  Gb  MK60_port.o [1]
fache_distance          0x1fff33fc     0x4  Data  Gb  camera.o [1]
fache_finish_flag       0x1fff048c     0x1  Data  Gb  camera.o [1]
fache_flag              0x1fff4318     0x4  Data  Gb  setting.o [1]
fache_state             0x1fff3400     0x4  Data  Gb  camera.o [1]
fangcha                 0x1fff32e8     0x4  Data  Gb  camera.o [1]
fangcha_cha             0x1fff32ec     0x4  Data  Gb  camera.o [1]
fangcha_old             0x1fff32f0     0x4  Data  Gb  camera.o [1]
find_line_left          0x1fff43bd     0x1  Data  Gb  camera.o [1]
find_line_right         0x1fff43bc     0x1  Data  Gb  camera.o [1]
first_diu_you_flag      0x1fff43d2     0x1  Data  Gb  camera.o [1]
first_diu_zuo_flag      0x1fff43d4     0x1  Data  Gb  camera.o [1]
first_slow_speed        0x1fff43b2     0x2  Data  Gb  initialization.o [1]
flash_cmd               0x1fff0d31    0x20  Code  Gb  MK60_flash.o [1]
flash_erase_sector      0x1fff0d6d    0x5c  Code  Gb  MK60_flash.o [1]
flash_init              0x1fff0d51    0x1c  Code  Gb  MK60_flash.o [1]
flash_write             0x1fff0dc9    0xb4  Code  Gb  MK60_flash.o [1]
former_flag             0x1fff0410     0x1  Data  Gb  camera.o [1]
fputc                   0x0000ce15    0x14  Code  Gb  FIRE_MK60_conf.o [1]
front_distance          0x1fff3258     0x4  Data  Gb  camera.o [1]
gpio_get                0x0000cd01    0x3a  Code  Gb  MK60_gpio.o [1]
gpio_init               0x0000cba9    0xae  Code  Gb  MK60_gpio.o [1]
gpio_set                0x0000cc57    0x72  Code  Gb  MK60_gpio.o [1]
gpio_turn               0x0000ccc9    0x38  Code  Gb  MK60_gpio.o [1]
huan_judge_bottom1      0x1fff30c8     0x4  Data  Gb  camera.o [1]
huan_judge_bottom2      0x1fff30cc     0x4  Data  Gb  camera.o [1]
huan_judge_top1         0x1fff30d0     0x4  Data  Gb  camera.o [1]
huan_judge_top2         0x1fff30d4     0x4  Data  Gb  camera.o [1]
huan_leftline           0x1fff3070    0x50  Data  Gb  camera.o [1]
huan_rightline          0x1fff3020    0x50  Data  Gb  camera.o [1]
huan_you_flag           0x1fff43d1     0x1  Data  Gb  camera.o [1]
huan_zhongxian_front    0x1fff30c0     0x4  Data  Gb  camera.o [1]
huan_zuo_flag           0x1fff43d3     0x1  Data  Gb  camera.o [1]
huandao                 0x1fff2fb0    0x20  Data  Gb  camera.o [1]
huandao_count           0x1fff0480     0x4  Data  Gb  camera.o [1]
huandao_diu_count       0x1fff2fa4     0x4  Data  Gb  camera.o [1]
huandao_find_left       0x1fff2fac     0x4  Data  Gb  camera.o [1]
huandao_find_right      0x1fff2fa8     0x4  Data  Gb  camera.o [1]
huandao_number          0x1fff0484     0x4  Data  Gb  camera.o [1]
huandao_set             0x1fff0cc8    0x20  Data  Gb  setting.o [1]
huandao_size            0x1fff43cf     0x1  Data  Gb  camera.o [1]
huandao_width1          0x1fff2f7c     0x4  Data  Gb  camera.o [1]
huandao_width2          0x1fff2f80     0x4  Data  Gb  camera.o [1]
hui_flag                0x1fff326c     0x4  Data  Gb  camera.o [1]
i                       0x1fff2e98     0x4  Data  Gb  camera.o [1]
img_flag                0x1fff0438     0x1  Data  Gb  camera.o [1]
imgbuff                 0x1fff0f08  0x1f40  Data  Gb  camera.o [1]
init_distance           0x1fff343c     0x4  Data  Gb  distance.o [1]
init_speed_left         0x1fff4314     0x4  Data  Gb  motor.o [1]
init_speed_right        0x1fff4310     0x4  Data  Gb  motor.o [1]
initialization          0x00010bb3   0x192  Code  Gb  initialization.o [1]
j                       0x1fff2e9c     0x4  Data  Gb  camera.o [1]
jieshouchaoche_flag     0x1fff43dd     0x1  Data  Gb  camera.o [1]
jump_width              0x1fff30e0     0x4  Data  Gb  camera.o [1]
kd_speed_left           0x1fff43f4     0x1  Data  Gb  motor.o [1]
kd_speed_right          0x1fff43f3     0x1  Data  Gb  motor.o [1]
key1                    0x1fff43f5     0x1  Data  Gb  setting.o [1]
key2                    0x1fff43f6     0x1  Data  Gb  setting.o [1]
key3                    0x1fff43f7     0x1  Data  Gb  setting.o [1]
key4                    0x1fff43f8     0x1  Data  Gb  setting.o [1]
key_check               0x0000d07d    0x2a  Code  Gb  FIRE_key.o [1]
key_get                 0x0000d063    0x1a  Code  Gb  FIRE_key.o [1]
key_init                0x0000d011    0x52  Code  Gb  FIRE_key.o [1]
key_save                0x0000f6f5    0x22  Code  Gb  setting.o [1]
key_scan                0x0000f685    0x64  Code  Gb  setting.o [1]
ki_speed                0x1fff0ca2     0x2  Data  Gb  motor.o [1]
ki_speed_left           0x1fff0ca9     0x1  Data  Gb  motor.o [1]
ki_speed_right          0x1fff0ca8     0x1  Data  Gb  motor.o [1]
kp_speed                0x1fff0ca0     0x2  Data  Gb  motor.o [1]
kp_speed_10             0x1fff0c9c     0x2  Data  Gb  motor.o [1]
kp_speed_40             0x1fff0c9a     0x2  Data  Gb  motor.o [1]
kp_speed_5              0x1fff0c9e     0x2  Data  Gb  motor.o [1]
kp_speed_70             0x1fff0c98     0x2  Data  Gb  motor.o [1]
kp_speed_left           0x1fff0ca6     0x2  Data  Gb  motor.o [1]
kp_speed_right          0x1fff0ca4     0x2  Data  Gb  motor.o [1]
kuandu                  0x1fff2f28    0x28  Data  Gb  camera.o [1]
kuandu_cha1             0x1fff2f74     0x4  Data  Gb  camera.o [1]
kuandu_cha2             0x1fff2f78     0x4  Data  Gb  camera.o [1]
lastkey1                0x1fff43f9     0x1  Data  Gb  setting.o [1]
lastkey2                0x1fff43fa     0x1  Data  Gb  setting.o [1]
lastkey3                0x1fff43fb     0x1  Data  Gb  setting.o [1]
lastkey4                0x1fff43fc     0x1  Data  Gb  setting.o [1]
led_init                0x0000d0ad    0x3a  Code  Gb  FIRE_LED.o [1]
led_turn                0x0000d0e7    0x10  Code  Gb  FIRE_LED.o [1]
left_cha                0x1fff32f4    0x50  Data  Gb  camera.o [1]
left_jump               0x1fff30dc     0x4  Data  Gb  camera.o [1]
leftline                0x1fff2ea4    0x50  Data  Gb  camera.o [1]
leftline_flag           0x1fff43ba     0x1  Data  Gb  camera.o [1]
length                  0x1fff3e4c    0x14  Data  Gb  initialization.o [1]
localeconv              0x0000e2a7    0x16  Code  Gb  localeconv.o [3]
main                    0x00012279    0xba  Code  Gb  main.o [1]
mcg_cfg                 0x1fff0c04    0x58  Data  Gb  MK60_mcg.o [1]
mcg_div                 0x1fff0c5c     0x4  Data  Gb  MK60_mcg.o [1]
mcg_div_count           0x00011649   0x2e8  Code  Gb  MK60_mcg.o [1]
memchr                  0x0000df59          Code  Gb  memchr.o [5]
mid_cha                 0x1fff3394    0x50  Data  Gb  camera.o [1]
mid_old                 0x1fff043a     0x2  Data  Gb  camera.o [1]
midline                 0x1fff2e48    0x50  Data  Gb  camera.o [1]
midline_drift           0x1fff3268     0x4  Data  Gb  camera.o [1]
nrf_handler             0x00011157   0x108  Code  Gb  FIRE_NRF24L0.o [1]
nrf_init                0x00010f01    0xa8  Code  Gb  FIRE_NRF24L0.o [1]
nrf_irq_tx_addr         0x1fff3e40     0x4  Data  Gb  FIRE_NRF24L0.o [1]
nrf_irq_tx_flag         0x1fff43f1     0x1  Data  Gb  FIRE_NRF24L0.o [1]
nrf_irq_tx_pnum         0x1fff3e44     0x4  Data  Gb  FIRE_NRF24L0.o [1]
nrf_link_check          0x00011047    0x78  Code  Gb  FIRE_NRF24L0.o [1]
nrf_mode                0x1fff43ed     0x1  Data  Gb  FIRE_NRF24L0.o [1]
nrf_readbuf             0x0001101f    0x28  Code  Lc  FIRE_NRF24L0.o [1]
nrf_readreg             0x00010fcf    0x28  Code  Lc  FIRE_NRF24L0.o [1]
nrf_rx_flag             0x1fff43f0     0x1  Data  Gb  FIRE_NRF24L0.o [1]
nrf_rx_front            0x1fff43ee     0x1  Data  Gb  FIRE_NRF24L0.o [1]
nrf_rx_mode             0x000110bf    0x50  Code  Lc  FIRE_NRF24L0.o [1]
nrf_rx_rear             0x1fff43ef     0x1  Data  Gb  FIRE_NRF24L0.o [1]
nrf_tx_mode             0x0001110f    0x48  Code  Lc  FIRE_NRF24L0.o [1]
nrf_writebuf            0x00010ff7    0x28  Code  Lc  FIRE_NRF24L0.o [1]
nrf_writereg            0x00010fa9    0x26  Code  Lc  FIRE_NRF24L0.o [1]
num                     0x1fff43b7     0x1  Data  Gb  camera.o [1]
num1                    0x1fff43f2     0x1  Data  Gb  initialization.o [1]
obuf                    0x1fff4348    0x50  Data  Lc  xfiles.o [3]
pit_init                0x000112e9    0x6c  Code  Gb  MK60_PIT.o [1]
pll_init                0x00011931    0xb2  Code  Gb  MK60_mcg.o [1]
podao_flag              0x1fff43ec     0x1  Data  Gb  camera.o [1]
podao_zhidao_flag       0x1fff43e8     0x1  Data  Gb  camera.o [1]
port_init               0x0000cf01    0x2e  Code  Gb  MK60_port.o [1]
port_init_NoALT         0x0000cf2f    0x4c  Code  Gb  MK60_port.o [1]
portb_handler           0x0000b7e1    0x72  Code  Gb  camera.o [1]
portc_handler           0x0000b853    0x48  Code  Gb  camera.o [1]
printf                  0x0000cfed    0x24  Code  Gb  printf.o [3]
putchar                 0x00012751     0xc  Code  Gb  putchar.o [3]
qian_shizi_flag         0x1fff43cc     0x1  Data  Gb  camera.o [1]
qipaoxian_flag          0x1fff43e9     0x1  Data  Gb  camera.o [1]
right_cha               0x1fff3344    0x50  Data  Gb  camera.o [1]
right_jump              0x1fff30d8     0x4  Data  Gb  camera.o [1]
rightline               0x1fff4268    0x50  Data  Gb  main.o [1]
rightline_flag          0x1fff43bb     0x1  Data  Gb  camera.o [1]
roundabout_num          0x1fff0cc0     0x4  Data  Gb  setting.o [1]
ruhuan_diu_count        0x1fff2ff0     0x4  Data  Gb  camera.o [1]
ruhuan_find_left        0x1fff2ff4     0x4  Data  Gb  camera.o [1]
ruhuan_find_right       0x1fff2ff8     0x4  Data  Gb  camera.o [1]
ruhuandao_flag          0x1fff43ca     0x1  Data  Gb  camera.o [1]
ruhuandao_may           0x1fff43ce     0x1  Data  Gb  camera.o [1]
ruhuandao_ready         0x1fff43cd     0x1  Data  Gb  camera.o [1]
safe_distance           0x1fff3254     0x4  Data  Gb  camera.o [1]
sao_you                 0x1fff043c     0x1  Data  Gb  camera.o [1]
sao_zuo                 0x1fff43be     0x1  Data  Gb  camera.o [1]
second_slow_speed       0x1fff43b4     0x2  Data  Gb  initialization.o [1]
send_img_on             0x1fff43fd     0x1  Data  Gb  setting.o [1]
send_num                0x1fff43df     0x1  Data  Gb  camera.o [1]
set_priority_irq        0x00010b87    0x2c  Code  Gb  initialization.o [1]
set_sys_dividers        0x1fff0eb9    0x50  Code  Gb  MK60_mcg.o [1]
set_vector_handler      0x000112bb    0x22  Code  Gb  misc.o [1]
setting                 0x0000e2ed  0x137a  Code  Gb  setting.o [1]
shizi_chaoche_check     0x0000b289   0x2f2  Code  Gb  camera.o [1]
shizi_chaoche_distance  0x1fff3274     0x4  Data  Gb  camera.o [1]
shizi_chaoche_flag      0x1fff43e4     0x1  Data  Gb  camera.o [1]
shizi_count             0x1fff327c     0x4  Data  Gb  camera.o [1]
shizi_distance          0x1fff3280     0x4  Data  Gb  camera.o [1]
shizi_flag_zhi          0x1fff43bf     0x1  Data  Gb  camera.o [1]
shizi_front_distance    0x1fff3278     0x4  Data  Gb  camera.o [1]
shizi_hui_distance      0x1fff3264     0x4  Data  Gb  camera.o [1]
shizi_hui_flag          0x1fff3270     0x4  Data  Gb  camera.o [1]
shizi_judge_mid         0x1fff30c4     0x4  Data  Gb  camera.o [1]
shizi_kuandu            0x1fff3288     0x4  Data  Gb  camera.o [1]
shizi_ready_flag        0x1fff43e5     0x1  Data  Gb  camera.o [1]
shizi_star              0x1fff43c3     0x1  Data  Gb  camera.o [1]
shizi_star_left         0x1fff43c7     0x1  Data  Gb  camera.o [1]
shizi_star_right        0x1fff43c6     0x1  Data  Gb  camera.o [1]
shizi_start_left        0x1fff3290     0x4  Data  Gb  camera.o [1]
shizi_start_mid         0x1fff3298     0x4  Data  Gb  camera.o [1]
shizi_start_right       0x1fff3294     0x4  Data  Gb  camera.o [1]
shizi_tiaobian          0x1fff3284     0x4  Data  Gb  camera.o [1]
shizi_tingche_flag      0x1fff43e6     0x1  Data  Gb  camera.o [1]
slope                   0x1fff2efc     0x4  Data  Gb  camera.o [1]
slope1                  0x1fff2ef4     0x4  Data  Gb  camera.o [1]
slope2                  0x1fff2ef8     0x4  Data  Gb  camera.o [1]
slope_chuhuan           0x1fff2f9c     0x4  Data  Gb  camera.o [1]
slope_chuhuan_you       0x1fff2fd8     0x4  Data  Gb  camera.o [1]
slope_chuhuan_zuo       0x1fff2fd4     0x4  Data  Gb  camera.o [1]
slope_huanyou_judge     0x1fff301c     0x4  Data  Gb  camera.o [1]
slope_huanzuo_judge     0x1fff3018     0x4  Data  Gb  camera.o [1]
slope_ruhuan_diu_you    0x1fff3010     0x4  Data  Gb  camera.o [1]
slope_ruhuan_diu_zuo    0x1fff300c     0x4  Data  Gb  camera.o [1]
slope_ruhuan_you        0x1fff2fe0     0x4  Data  Gb  camera.o [1]
slope_ruhuan_zuo        0x1fff2fdc     0x4  Data  Gb  camera.o [1]
slope_shizi_left        0x1fff3194     0x4  Data  Gb  camera.o [1]
slope_shizi_right       0x1fff3198     0x4  Data  Gb  camera.o [1]
slope_xierushizi        0x1fff2f50     0x4  Data  Gb  camera.o [1]
slope_xieshizi_you      0x1fff32d8     0x4  Data  Gb  camera.o [1]
slope_xieshizi_zuo      0x1fff32dc     0x4  Data  Gb  camera.o [1]
slope_you_judge         0x1fff30e8     0x4  Data  Gb  camera.o [1]
slope_you_shizi         0x1fff3014     0x4  Data  Gb  camera.o [1]
slope_zhangai_you       0x1fff319c     0x4  Data  Gb  camera.o [1]
slope_zhangai_zuo       0x1fff31a0     0x4  Data  Gb  camera.o [1]
slope_zuo_judge         0x1fff30e4     0x4  Data  Gb  camera.o [1]
slope_zuo_shizi         0x1fff328c     0x4  Data  Gb  camera.o [1]
slpoe_xieshizi_leftback
                        0x1fff32c0     0x4  Data  Gb  camera.o [1]
slpoe_xieshizi_leftfront
                        0x1fff32c4     0x4  Data  Gb  camera.o [1]
slpoe_xieshizi_rightback
                        0x1fff32c8     0x4  Data  Gb  camera.o [1]
slpoe_xieshizi_rightfront
                        0x1fff32cc     0x4  Data  Gb  camera.o [1]
speed                   0x1fff43b0     0x2  Data  Gb  initialization.o [1]
speed_left              0x1fff43ae     0x2  Data  Gb  initialization.o [1]
speed_right             0x1fff43ac     0x2  Data  Gb  initialization.o [1]
speed_set               0x1fff0be0     0x2  Data  Gb  initialization.o [1]
speed_set_left          0x000114ab   0x148  Code  Gb  motor.o [1]
speed_set_right         0x00011365   0x146  Code  Gb  motor.o [1]
speed_set_to_left       0x1fff0bdc     0x2  Data  Gb  initialization.o [1]
speed_set_to_right      0x1fff0bde     0x2  Data  Gb  initialization.o [1]
speed_setting           0x00012333    0x16  Code  Gb  main.o [1]
speedset_co             0x1fff0cb0     0x4  Data  Gb  setting.o [1]
speedset_st             0x1fff0cac     0x4  Data  Gb  setting.o [1]
spi_init                0x00010095   0x27e  Code  Gb  MK60_spi.o [1]
spi_mosi                0x00010313   0x110  Code  Gb  MK60_spi.o [1]
spi_mosi_cmd            0x00010423   0x20c  Code  Gb  MK60_spi.o [1]
start                   0x00012115    0x18  Code  Gb  system_MK60DZ10.o [1]
start_check             0x0000ce29    0x9a  Code  Gb  FIRE_MK60_conf.o [1]
start_find              0x1fff43c0     0x1  Data  Gb  camera.o [1]
steer_out               0x1fff439c     0x2  Data  Gb  camera.o [1]
steer_wan_kd_left       0x1fff0428     0x4  Data  Gb  camera.o [1]
steer_wan_kd_right      0x1fff0430     0x4  Data  Gb  camera.o [1]
steer_wan_kp_left       0x1fff0424     0x4  Data  Gb  camera.o [1]
steer_wan_kp_right      0x1fff042c     0x4  Data  Gb  camera.o [1]
steer_xiaos_kd          0x1fff0420     0x4  Data  Gb  camera.o [1]
steer_xiaos_kp          0x1fff041c     0x4  Data  Gb  camera.o [1]
steer_zhi_kd            0x1fff0418     0x4  Data  Gb  camera.o [1]
steer_zhi_kp            0x1fff0414     0x4  Data  Gb  camera.o [1]
stop_distance           0x1fff33f8     0x4  Data  Gb  camera.o [1]
stop_flag               0x1fff43ea     0x1  Data  Gb  camera.o [1]
strchr                  0x0000df09          Code  Gb  strchr.o [5]
strlen                  0x0000df21          Code  Gb  strlen.o [5]
sysinit                 0x0001212d    0x3c  Code  Gb  system_MK60DZ10.o [1]
systick_delay           0x0000cd75    0x36  Code  Gb  MK60_SysTick.o [1]
systick_delay_ms        0x0000cdab    0x18  Code  Gb  MK60_SysTick.o [1]
sz                      0x1fff0490    0x28  Data  Gb  camera.o [1]
term                    0x1fff0cb8     0x4  Data  Gb  setting.o [1]
term_pd                 0x1fff0cc4     0x4  Data  Gb  setting.o [1]
term_speed              0x1fff0cbc     0x4  Data  Gb  setting.o [1]
tiaobian_left           0x1fff2f54     0x4  Data  Gb  camera.o [1]
tiaobian_right          0x1fff2f58     0x4  Data  Gb  camera.o [1]
tingche_chaoche_flag    0x1fff43e2     0x1  Data  Gb  camera.o [1]
tubian_count            0x1fff33f4     0x4  Data  Gb  camera.o [1]
turn_flag               0x1fff43e0     0x1  Data  Gb  camera.o [1]
uart2_handler           0x00010db5    0xa0  Code  Gb  initialization.o [1]
uart_getchar            0x0000c6f7    0x1c  Code  Gb  MK60_uart.o [1]
uart_init               0x0000c4e3   0x214  Code  Gb  MK60_uart.o [1]
uart_putchar            0x0000c713    0x1a  Code  Gb  MK60_uart.o [1]
uart_rx_irq_en          0x0000c72d    0x2a  Code  Gb  MK60_uart.o [1]
up_dot_you              0x1fff2f60     0x4  Data  Gb  camera.o [1]
up_dot_zuo              0x1fff2f5c     0x4  Data  Gb  camera.o [1]
up_lie_left             0x1fff2f90     0x4  Data  Gb  camera.o [1]
up_lie_right            0x1fff2f8c     0x4  Data  Gb  camera.o [1]
valid_line              0x1fff32e4     0x4  Data  Gb  camera.o [1]
vector_str              0x1fff04c4   0x708  Data  Gb  FIRE_MK60_conf.o [1]
wdog_disable            0x00012239    0x16  Code  Gb  MK60_wdog.o [1]
wdog_unlock             0x00012251    0x20  Code  Lc  MK60_wdog.o [1]
weight                  0x1fff0440    0x14  Data  Gb  camera.o [1]
white_flag              0x1fff43cb     0x1  Data  Gb  camera.o [1]
width                   0x1fff0454    0x28  Data  Gb  camera.o [1]
write_vtor              0x00011299    0x22  Code  Gb  misc.o [1]
x_2                     0x1fff340c     0x4  Data  Gb  camera.o [1]
x_y                     0x1fff3410     0x4  Data  Gb  camera.o [1]
xiaos_flag              0x1fff43c8     0x1  Data  Gb  camera.o [1]
xielv_cal               0x1fff3424     0x4  Data  Gb  camera.o [1]
xierushizi_flag         0x1fff43c2     0x1  Data  Gb  camera.o [1]
xieshizi_break_left     0x1fff32b0     0x4  Data  Gb  camera.o [1]
xieshizi_break_right    0x1fff32ac     0x4  Data  Gb  camera.o [1]
xieshizi_find_left      0x1fff32a4     0x4  Data  Gb  camera.o [1]
xieshizi_find_right     0x1fff32a8     0x4  Data  Gb  camera.o [1]
xieshizi_left_tiaobian  0x1fff32d0     0x4  Data  Gb  camera.o [1]
xieshizi_rebreak_left   0x1fff32b4     0x4  Data  Gb  camera.o [1]
xieshizi_rebreak_right  0x1fff32bc     0x4  Data  Gb  camera.o [1]
xieshizi_right_tiaobian
                        0x1fff32d4     0x4  Data  Gb  camera.o [1]
xieshizi_you_restart    0x1fff32b8     0x4  Data  Gb  camera.o [1]
xieshizi_youdiu_count   0x1fff32a0     0x4  Data  Gb  camera.o [1]
xieshizi_zuodiu_count   0x1fff329c     0x4  Data  Gb  camera.o [1]
youruhuan_diu_count     0x1fff3004     0x4  Data  Gb  camera.o [1]
youruhuan_diu_find      0x1fff3008     0x4  Data  Gb  camera.o [1]
za_slope                0x1fff31a4     0x4  Data  Gb  camera.o [1]
zhangai_break           0x1fff43a0     0x2  Data  Gb  camera.o [1]
zhangai_check           0x0000ada1   0x4ce  Code  Gb  camera.o [1]
zhangai_distance        0x1fff33e8     0x4  Data  Gb  camera.o [1]
zhangai_left_flag       0x1fff43d8     0x1  Data  Gb  camera.o [1]
zhangai_line_you        0x1fff313c    0x50  Data  Gb  camera.o [1]
zhangai_line_zuo        0x1fff30ec    0x50  Data  Gb  camera.o [1]
zhangai_right_flag      0x1fff43d9     0x1  Data  Gb  camera.o [1]
zhangai_start           0x1fff439e     0x2  Data  Gb  camera.o [1]
zhangai_start_you       0x1fff43a4     0x2  Data  Gb  camera.o [1]
zhangai_start_zuo       0x1fff43a2     0x2  Data  Gb  camera.o [1]
zhangaifind_flag        0x1fff43d5     0x1  Data  Gb  camera.o [1]
zhangaifind_you_flag    0x1fff43d6     0x1  Data  Gb  camera.o [1]
zhangaifind_zuo_flag    0x1fff43d7     0x1  Data  Gb  camera.o [1]
zhidao_chaoche_count    0x1fff0488     0x4  Data  Gb  camera.o [1]
zhidao_chaoche_num      0x1fff431c     0x4  Data  Gb  setting.o [1]
zhidao_flag             0x1fff43c9     0x1  Data  Gb  camera.o [1]
zhongdianjiasu_flag     0x1fff43eb     0x1  Data  Gb  camera.o [1]
zhongxian_front         0x1fff2f00    0x10  Data  Gb  camera.o [1]
zuoruhuan_diu_count     0x1fff2ffc     0x4  Data  Gb  camera.o [1]
zuoruhuan_diu_find      0x1fff3000     0x4  Data  Gb  camera.o [1]


[1] = C:\Users\maoyakun\Desktop\0814tmt_now\华东决赛\Prj\IAR\FX15_Debug\Obj
[2] = command line
[3] = dl7M_tlf.a
[4] = m7M_tlv.a
[5] = rt7M_tl.a

  70 400 bytes of readonly  code memory
     480 bytes of readwrite code memory
   5 568 bytes of readonly  data memory
  16 022 bytes of readwrite data memory

Errors: none
Warnings: none
